../Core/Src/main.c:96:13:process_audio_block	32	static
../Core/Src/main.c:149:5:main	24	static
../Core/Src/main.c:234:6:SystemClock_Config	88	static
../Core/Src/main.c:281:13:MX_ADC1_Init	24	static
../Core/Src/main.c:333:13:MX_DAC_Init	16	static
../Core/Src/main.c:373:13:MX_TIM2_Init	16	static
../Core/Src/main.c:411:13:MX_USART3_UART_Init	8	static
../Core/Src/main.c:444:13:MX_USB_OTG_FS_PCD_Init	8	static
../Core/Src/main.c:477:13:MX_DMA_Init	16	static
../Core/Src/main.c:499:13:MX_GPIO_Init	56	static
../Core/Src/main.c:553:6:HAL_ADC_ConvHalfCpltCallback	16	static
../Core/Src/main.c:561:6:HAL_ADC_ConvCpltCallback	16	static
../Core/Src/main.c:579:6:HAL_TIM_PeriodElapsedCallback	16	static
../Core/Src/main.c:597:6:Error_Handler	4	static,ignoring_inline_asm
