../Core/Src/main.c:116:5:main	48	static
../Core/Src/main.c:244:6:SystemClock_Config	88	static
../Core/Src/main.c:291:13:MX_ADC1_Init	24	static
../Core/Src/main.c:343:13:MX_DAC_Init	16	static
../Core/Src/main.c:383:13:MX_TIM7_Init	16	static
../Core/Src/main.c:421:13:MX_USART3_UART_Init	8	static
../Core/Src/main.c:454:13:MX_USB_OTG_FS_PCD_Init	8	static
../Core/Src/main.c:487:13:MX_DMA_Init	16	static
../Core/Src/main.c:509:13:MX_GPIO_Init	56	static
../Core/Src/main.c:564:6:HAL_ADC_ConvCpltCallback	16	static
../Core/Src/main.c:579:6:HAL_TIM_PeriodElapsedCallback	16	static
../Core/Src/main.c:608:6:Error_Handler	4	static,ignoring_inline_asm
